// Jest Snapshot v1, https://goo.gl/fbAQLP

exports[`should match snapshot 1`] = `
<div>
  <p>
    ExpenseSummary Component with total amount : $0.00
                 and expenses count : undefined
  </p>
</div>
`;

exports[`should update prop 1`] = `
<div>
  <p>
    ExpenseSummary Component with total amount : $0.00
                 and expenses count : undefined
  </p>
</div>
`;
