// Jest Snapshot v1, https://goo.gl/fbAQLP

exports[`should match snapshot 1`] = `
<div>
  <h2>
    Viewing total amount : $0.00
                 and with : undefined expenses
  </h2>
</div>
`;

exports[`should update prop 1`] = `
<div>
  <h2>
    Viewing total amount : $0.00
                 and with : undefined expenses
  </h2>
</div>
`;
